Mtk-easy-su 2.1.0
extracted magisk-boot.sh
extracted 32/magiskinit
extracted 64/magiskinit
extracted 32/mtk-su
extracted 64/mtk-su
[0] 

[0] 11

[0] Thu Jul 14 22:35:38 IST 2022

[0] /data/user/0/juniojsv.mtk.easy.su/files:
total 7.0K
drwx------ 2 u0_a366 3.4K 2022-07-14 22:35 32
drwx------ 2 u0_a366 3.4K 2022-07-14 22:35 64
-rw------- 1 u0_a366  567 2022-07-14 18:52 PersistedInstallation.W0RFRkFVTFRd+MTo2OTczNzY1NDAxNDphbmRyb2lkOjIzZGMwMWQyYTRjOWQzYmY2ZjI3YWY.json
-rw------- 1 u0_a366    0 2022-07-14 18:52 generatefid.lock
-r-x--x--- 1 u0_a366 2.8K 2022-07-14 22:35 magisk-boot.sh

/data/user/0/juniojsv.mtk.easy.su/files/32:
total 218K
lrwxrwxrwx 1 u0_a366   18 2022-07-14 19:01 magisk -> magiskinit
-r-x--x--- 1 u0_a366 373K 2022-07-14 22:35 magiskinit
lrwxrwxrwx 1 u0_a366   18 2022-07-14 19:01 magiskpolicy -> magiskinit
-r-x--x--- 1 u0_a366  59K 2022-07-14 22:35 mtk-su

/data/user/0/juniojsv.mtk.easy.su/files/64:
total 230K
lrwxrwxrwx 1 u0_a366   18 2022-07-14 22:35 magisk -> magiskinit
-r-x--x--- 1 u0_a366 393K 2022-07-14 22:35 magiskinit
lrwxrwxrwx 1 u0_a366   18 2022-07-14 22:35 magiskpolicy -> magiskinit
-r-x--x--- 1 u0_a366  64K 2022-07-14 22:35 mtk-su

[0] Processor	: AArch64 Processor rev 15 (aarch64)
processor	: 0
BogoMIPS	: 38.40
Features	: fp asimd evtstrm aes pmull sha1 sha2 crc32 atomics fphp asimdhp cpuid asimdrdm lrcpc dcpop asimddp
CPU implementer	: 0x51
CPU architecture: 8
CPU variant	: 0xd
CPU part	: 0x805
CPU revision	: 14

processor	: 1
BogoMIPS	: 38.40
Features	: fp asimd evtstrm aes pmull sha1 sha2 crc32 atomics fphp asimdhp cpuid asimdrdm lrcpc dcpop asimddp
CPU implementer	: 0x51
CPU architecture: 8
CPU variant	: 0xd
CPU part	: 0x805
CPU revision	: 14

processor	: 2
BogoMIPS	: 38.40
Features	: fp asimd evtstrm aes pmull sha1 sha2 crc32 atomics fphp asimdhp cpuid asimdrdm lrcpc dcpop asimddp
CPU implementer	: 0x51
CPU architecture: 8
CPU variant	: 0xd
CPU part	: 0x805
CPU revision	: 14

processor	: 3
BogoMIPS	: 38.40
Features	: fp asimd evtstrm aes pmull sha1 sha2 crc32 atomics fphp asimdhp cpuid asimdrdm lrcpc dcpop asimddp
CPU implementer	: 0x51
CPU architecture: 8
CPU variant	: 0xd
CPU part	: 0x805
CPU revision	: 14

processor	: 4
BogoMIPS	: 38.40
Features	: fp asimd evtstrm aes pmull sha1 sha2 crc32 atomics fphp asimdhp cpuid asimdrdm lrcpc dcpop asimddp
CPU implementer	: 0x51
CPU architecture: 8
CPU variant	: 0xd
CPU part	: 0x805
CPU revision	: 14

processor	: 5
BogoMIPS	: 38.40
Features	: fp asimd evtstrm aes pmull sha1 sha2 crc32 atomics fphp asimdhp cpuid asimdrdm lrcpc dcpop asimddp
CPU implementer	: 0x51
CPU architecture: 8
CPU variant	: 0xd
CPU part	: 0x805
CPU revision	: 14

processor	: 6
BogoMIPS	: 38.40
Features	: fp asimd evtstrm aes pmull sha1 sha2 crc32 atomics fphp asimdhp cpuid asimdrdm lrcpc dcpop asimddp
CPU implementer	: 0x51
CPU architecture: 8
CPU variant	: 0xf
CPU part	: 0x804
CPU revision	: 15

processor	: 7
BogoMIPS	: 38.40
Features	: fp asimd evtstrm aes pmull sha1 sha2 crc32 atomics fphp asimdhp cpuid asimdrdm lrcpc dcpop asimddp
CPU implementer	: 0x51
CPU architecture: 8
CPU variant	: 0xf
CPU part	: 0x804
CPU revision	: 15

Hardware	: Qualcomm Technologies, Inc SDM720G

[0] MemTotal:        5699200 kB
MemFree:          160456 kB
MemAvailable:    2149388 kB
Buffers:            4144 kB
Cached:          1700624 kB
SwapCached:        65616 kB
Active:          1736944 kB
Inactive:        1167520 kB
Active(anon):     927600 kB
Inactive(anon):   430640 kB
Active(file):     809344 kB
Inactive(file):   736880 kB
Unevictable:      140948 kB
Mlocked:          140948 kB
SwapTotal:       3145724 kB
SwapFree:        1714164 kB
Dirty:              2484 kB
Writeback:             0 kB
AnonPages:       1333932 kB
Mapped:          1198956 kB
Shmem:             22100 kB
KReclaimable:     767908 kB
Slab:             429080 kB
SReclaimable:     102372 kB
SUnreclaim:       326708 kB
KernelStack:       81984 kB
PageTables:       113900 kB
NFS_Unstable:          0 kB
Bounce:                0 kB
WritebackTmp:          0 kB
CommitLimit:     5995324 kB
Committed_AS:   141129332 kB
VmallocTotal:   263061440 kB
VmallocUsed:      142372 kB
VmallocChunk:          0 kB
CmaTotal:         237568 kB
CmaFree:           39520 kB
IonTotalCache:    278348 kB
IonTotalUsed:     253004 kB
GPUTotalUsed:     306232 kB

[0] 		total        used        free      shared     buffers
Mem:       5835980800  5671768064   164212736    22630400     4243456
-/+ buffers/cache:     5667524608   168456192
Swap:      3221221376  1465917440  1755303936

[1] cat: /proc/version: Permission denied

[1] /data/user/0/juniojsv.mtk.easy.su/files/magisk-boot.sh[124]: ./mtk-su: Permission denied

deleted magisk-boot.sh
deleted 32/magiskinit
deleted 64/magiskinit
deleted 32/mtk-su
deleted 64/mtk-su
